Microchip MPLAB XC8 Compiler V2.32

Linker command line:

-W-3 --edf=C:\Program Files\Microchip\xc8\v2.32\pic\dat\en_msgs.txt -cn \
  -h+dist/default/production\LM13_Debugging.X.production.sym \
  --cmf=dist/default/production\LM13_Debugging.X.production.cmf -z \
  -Q18F4550 -oC:\Users\d7mi_\AppData\Local\Temp\xcAs8hc.4 \
  --defsym=__MPLAB_BUILD=1 \
  -Mdist/default/production/LM13_Debugging.X.production.map -E1 \
  -ver=XC8 Compiler --acfsm=1493 -ASTACK=09Ch-07FFh -pstack=STACK \
  -ACODE=00h-07FFFh -ACONST=00h-07FFFh -ASMALLCONST=0800h-08FFhx120 \
  -AMEDIUMCONST=0800h-07FFFh -ACOMRAM=01h-05Fh -AABS1=00h-07FFh \
  -ABIGRAM=01h-07FFh -ARAM=060h-0FFh,0100h-01FFhx7 -ABANK0=060h-0FFh \
  -ABANK1=0100h-01FFh -ABANK2=0200h-02FFh -ABANK3=0300h-03FFh \
  -ABANK4=0400h-04FFh -ABANK5=0500h-05FFh -ABANK6=0600h-06FFh \
  -ABANK7=0700h-07FFh -ASFR=0F60h-0FFFh -ACONFIG=0300000h-030000Dh \
  -AIDLOC=0200000h-0200007h -AEEDATA=0F00000h-0F000FFh -peeprom_data=EEDATA \
  -preset_vec=00h,intcode,intcodelo,powerup,init -pramtop=0800h \
  -psmallconst=SMALLCONST -pmediumconst=MEDIUMCONST -pconst=CONST \
  -AFARRAM=00h-00h \
  -prdata=COMRAM,nvrram=COMRAM,nvbit=COMRAM,rbss=COMRAM,rbit=COMRAM \
  -pfarbss=FARRAM,fardata=FARRAM,nvFARRAM=FARRAM \
  -pintsave_regs=BIGRAM,bigbss=BIGRAM,bigdata=BIGRAM -pbss=RAM \
  -pidata=CODE,irdata=CODE,ibigdata=CODE,ifardata=CODE -prparam=COMRAM \
  C:\Users\d7mi_\AppData\Local\Temp\xcAs8hc.o \
  dist/default/production\LM13_Debugging.X.production.o 

Object code version is 3.11

Machine type is 18F4550



                Name                               Link     Load   Length Selector   Space Scale
C:\Users\d7mi_\AppData\Local\Temp\xcAs8hc.o
                idloc                            200000   200000        8        0       5
                config                           300000   300000        E        0       4
                init                                  0        0        4        0       0
dist/default/production\LM13_Debugging.X.production.o
                idloc                            200000   200000        8        0       5
                config                           300000   300000        E        0       4
                smallconst                          800      800       14      400       0
                text25                             21A0     21A0       14      40A       0
                text24                             1E2E     1E2E       9C      40A       0
                text23                             1FDC     1FDC       4A      40A       0
                text22                             216A     216A       1C      40A       0
                text21                             2120     2120       2E      40A       0
                text20                             214E     214E       1C      40A       0
                text19                             1F2C     1F2C       5E      40A       0
                text18                             20AA     20AA       40      40A       0
                text17                              C3E      C3E      39A      40A       0
                text16                              814      814      42A      40A       0
                text15                             1B9C     1B9C      106      40A       0
                text14                             146A     146A      1B4      40A       0
                text13                             17A6     17A6      176      40A       0
                text12                             161E     161E      188      40A       0
                text11                             191C     191C      164      40A       0
                text10                             206A     206A       40      40A       0
                text9                              21B4     21B4        2      40A       0
                text8                              1CA2     1CA2       CA      40A       0
                text7                              2026     2026       44      40A       0
                text6                              20EA     20EA       36      40A       0
                text5                              1D6C     1D6C       C2      40A       0
                text4                               FD8      FD8      2DE      40A       0
                text3                              12B6     12B6      1B4      40A       0
                text2                              1ECA     1ECA       62      40A       0
                text1                              1F8A     1F8A       52      40A       0
                text0                              1A80     1A80      11C      40A       0
                cstackCOMRAM                          1        1       5D        1       1
                cstackBANK0                          86       86       16       60       1
                bssBANK0                             60       60       26       60       1
                bssCOMRAM                            5E       5E        2        1       1
                cinit                              2186     2186       1A      40A       0

TOTAL           Name                               Link     Load   Length     Space
        CLASS   STACK          

        CLASS   CODE           
                init                                  0        0        4         0
                text25                             21A0     21A0       14         0
                text24                             1E2E     1E2E       9C         0
                text23                             1FDC     1FDC       4A         0
                text22                             216A     216A       1C         0
                text21                             2120     2120       2E         0
                text20                             214E     214E       1C         0
                text19                             1F2C     1F2C       5E         0
                text18                             20AA     20AA       40         0
                text17                              C3E      C3E      39A         0
                text16                              814      814      42A         0
                text15                             1B9C     1B9C      106         0
                text14                             146A     146A      1B4         0
                text13                             17A6     17A6      176         0
                text12                             161E     161E      188         0
                text11                             191C     191C      164         0
                text10                             206A     206A       40         0
                text9                              21B4     21B4        2         0
                text8                              1CA2     1CA2       CA         0
                text7                              2026     2026       44         0
                text6                              20EA     20EA       36         0
                text5                              1D6C     1D6C       C2         0
                text4                               FD8      FD8      2DE         0
                text3                              12B6     12B6      1B4         0
                text2                              1ECA     1ECA       62         0
                text1                              1F8A     1F8A       52         0
                text0                              1A80     1A80      11C         0
                cinit                              2186     2186       1A         0

        CLASS   CONST          

        CLASS   SMALLCONST     
                smallconst                          800      800       14         0

        CLASS   MEDIUMCONST    

        CLASS   COMRAM         
                cstackCOMRAM                          1        1       5D         1
                bssCOMRAM                            5E       5E        2         1

        CLASS   ABS1           

        CLASS   BIGRAM         

        CLASS   RAM            

        CLASS   BANK0          
                cstackBANK0                          86       86       16         1
                bssBANK0                             60       60       26         1

        CLASS   BANK1          

        CLASS   BANK2          

        CLASS   BANK3          

        CLASS   BANK4          

        CLASS   BANK5          

        CLASS   BANK6          

        CLASS   BANK7          

        CLASS   SFR            

        CLASS   CONFIG         
                config                           300000   300000        E         4

        CLASS   IDLOC          
                idloc                            200000   200000        8         5

        CLASS   EEDATA         

        CLASS   FARRAM         



SEGMENTS        Name                           Load    Length   Top    Selector   Space  Class

                reset_vec                      000000  000004  000004         0       0  CODE    
                cstackCOMRAM                   000001  00005F  000060         1       1  COMRAM  
                bssBANK0                       000060  00003C  00009C        60       1  BANK0   
                smallconst                     000800  000014  000814       400       0  SMALLCON
                text16                         000814  0019A2  0021B6       40A       0  CODE    


UNUSED ADDRESS RANGES

        Name                Unused          Largest block    Delta
        BANK0            00009C-0000FF               64
        BANK1            000100-0001FF              100
        BANK2            000200-0002FF              100
        BANK3            000300-0003FF              100
        BANK4            000400-0004FF              100
        BANK5            000500-0005FF              100
        BANK6            000600-0006FF              100
        BANK7            000700-0007FF              100
        BIGRAM           00009C-0007FF              764
        CODE             000004-0007FF              7FC
                         0021B6-007FFF             5E4A
        CONST            000004-0007FF              7FC
                         0021B6-007FFF             5E4A
        EEDATA           F00000-F000FF              100
        MEDIUMCONST      0021B6-007FFF             5E4A
        RAM              00009C-0007FF              100
        SFR              000F60-000FFF               A0
        SMALLCONST       0021B6-007FFF              100
        STACK            00009C-0007FF              764

                                  Symbol Table

?_ADC_Read               cstackCOMRAM 000001
?___aodiv                cstackCOMRAM 000001
?___aomod                cstackCOMRAM 000001
?___fldiv                cstackCOMRAM 000001
?___flmul                cstackCOMRAM 000017
?___fltol                cstackCOMRAM 000001
?___xxtofl               cstackCOMRAM 000009
?_abs                    cstackCOMRAM 000013
?_dtoa                   cstackCOMRAM 00001C
?_pad                    cstackCOMRAM 000011
?_sprintf                cstackCOMRAM 000058
?_strlen                 cstackCOMRAM 000001
?_vfpfcnvrt              cstackCOMRAM 000040
?_vfprintf               cstackCOMRAM 000050
ADC_Read@channel         cstackCOMRAM 000001
ADC_Read@digital         cstackCOMRAM 000007
LCD_Char@dat             cstackCOMRAM 000007
LCD_Command@cmd          cstackCOMRAM 000007
LCD_String@msg           cstackCOMRAM 000008
LCD_String_xy@location   cstackCOMRAM 00000E
LCD_String_xy@msg        cstackCOMRAM 00000B
LCD_String_xy@pos        cstackCOMRAM 00000A
LCD_String_xy@row        cstackCOMRAM 00000D
MSdelay@i                cstackCOMRAM 000003
MSdelay@j                cstackCOMRAM 000005
MSdelay@val              cstackCOMRAM 000001
_ADCON0                  (abs)        000FC2
_ADCON0bits              (abs)        000FC2
_ADCON1                  (abs)        000FC1
_ADCON2                  (abs)        000FC0
_ADC_Init                text25       0021A0
_ADC_Read                text24       001E2E
_ADON                    (abs)        007E10
_ADRESH                  (abs)        000FC4
_ADRESL                  (abs)        000FC3
_GO                      (abs)        007E11
_LATB                    (abs)        000F8A
_LATD0                   (abs)        007C60
_LATD1                   (abs)        007C61
_LCD_Char                text20       00214E
_LCD_Command             text22       00216A
_LCD_Init                text21       002120
_LCD_String              text19       001F2C
_LCD_String_xy           text18       0020AA
_MSdelay                 text23       001FDC
_OSCCON                  (abs)        000FD3
_TRISA                   (abs)        000F92
_TRISB                   (abs)        000F93
_TRISD                   (abs)        000F95
__HRAM                   (abs)        000000
__Habs1                  abs1         000000
__Hbank0                 bank0        000000
__Hbank1                 bank1        000000
__Hbank2                 bank2        000000
__Hbank3                 bank3        000000
__Hbank4                 bank4        000000
__Hbank5                 bank5        000000
__Hbank6                 bank6        000000
__Hbank7                 bank7        000000
__Hbigbss                bigbss       000000
__Hbigdata               bigdata      000000
__Hbigram                bigram       000000
__Hbss                   bss          000000
__HbssBANK0              bssBANK0     000000
__HbssCOMRAM             bssCOMRAM    000000
__Hcinit                 cinit        000000
__Hclrtext               clrtext      000000
__Hcomram                comram       000000
__Hconfig                config       30000E
__Hconst                 const        000000
__HcstackBANK0           cstackBANK0  000000
__HcstackCOMRAM          cstackCOMRAM 000000
__Hdata                  data         000000
__Heeprom_data           eeprom_data  000000
__Hfarbss                farbss       000000
__Hfardata               fardata      000000
__Hibigdata              ibigdata     000000
__Hidata                 idata        000000
__Hidloc                 idloc        200008
__Hifardata              ifardata     000000
__Hinit                  init         000004
__Hintcode               intcode      000000
__Hintcode_body          intcode_body 000000
__Hintcodelo             intcodelo    000000
__Hintentry              intentry     000000
__Hintret                intret       000000
__Hintsave_regs          intsave_regs 000000
__Hirdata                irdata       000000
__Hmediumconst           mediumconst  000000
__HnvFARRAM              nvFARRAM     000000
__Hnvbit                 nvbit        000000
__Hnvrram                nvrram       000000
__Hparam                 rparam       000000
__Hpowerup               powerup      000000
__Hram                   ram          000000
__Hramtop                ramtop       000800
__Hrbit                  rbit         000000
__Hrbss                  rbss         000000
__Hrdata                 rdata        000000
__Hreset_vec             reset_vec    000000
__Hrparam                rparam       000000
__Hsfr                   sfr          000000
__Hsmallconst            smallconst   000814
__Hspace_0               (abs)        0021B6
__Hspace_1               (abs)        00009C
__Hspace_2               (abs)        000000
__Hspace_4               (abs)        60000E
__Hstack                 stack        000000
__Hstruct                struct       000000
__Htemp                  temp         000000
__Htext                  text         000000
__Htext0                 text0        000000
__Htext1                 text1        000000
__Htext10                text10       000000
__Htext11                text11       000000
__Htext12                text12       000000
__Htext13                text13       000000
__Htext14                text14       000000
__Htext15                text15       000000
__Htext16                text16       000000
__Htext17                text17       000000
__Htext18                text18       000000
__Htext19                text19       000000
__Htext2                 text2        000000
__Htext20                text20       000000
__Htext21                text21       000000
__Htext22                text22       000000
__Htext23                text23       000000
__Htext24                text24       000000
__Htext25                text25       000000
__Htext3                 text3        000000
__Htext4                 text4        000000
__Htext5                 text5        000000
__Htext6                 text6        000000
__Htext7                 text7        000000
__Htext8                 text8        000000
__Htext9                 text9        000000
__LRAM                   (abs)        000001
__Labs1                  abs1         000000
__Lbank0                 bank0        000000
__Lbank1                 bank1        000000
__Lbank2                 bank2        000000
__Lbank3                 bank3        000000
__Lbank4                 bank4        000000
__Lbank5                 bank5        000000
__Lbank6                 bank6        000000
__Lbank7                 bank7        000000
__Lbigbss                bigbss       000000
__Lbigdata               bigdata      000000
__Lbigram                bigram       000000
__Lbss                   bss          000000
__LbssBANK0              bssBANK0     000000
__LbssCOMRAM             bssCOMRAM    000000
__Lcinit                 cinit        000000
__Lclrtext               clrtext      000000
__Lcomram                comram       000000
__Lconfig                config       000000
__Lconst                 const        000000
__LcstackBANK0           cstackBANK0  000000
__LcstackCOMRAM          cstackCOMRAM 000000
__Ldata                  data         000000
__Leeprom_data           eeprom_data  000000
__Lfarbss                farbss       000000
__Lfardata               fardata      000000
__Libigdata              ibigdata     000000
__Lidata                 idata        000000
__Lidloc                 idloc        000000
__Lifardata              ifardata     000000
__Linit                  init         000000
__Lintcode               intcode      000000
__Lintcode_body          intcode_body 000000
__Lintcodelo             intcodelo    000000
__Lintentry              intentry     000000
__Lintret                intret       000000
__Lintsave_regs          intsave_regs 000000
__Lirdata                irdata       000000
__Lmediumconst           mediumconst  000000
__LnvFARRAM              nvFARRAM     000000
__Lnvbit                 nvbit        000000
__Lnvrram                nvrram       000000
__Lparam                 rparam       000000
__Lpowerup               powerup      000000
__Lram                   ram          000000
__Lramtop                ramtop       000800
__Lrbit                  rbit         000000
__Lrbss                  rbss         000000
__Lrdata                 rdata        000000
__Lreset_vec             reset_vec    000000
__Lrparam                rparam       000000
__Lsfr                   sfr          000000
__Lsmallconst            smallconst   000800
__Lspace_0               (abs)        000000
__Lspace_1               (abs)        000000
__Lspace_2               (abs)        000000
__Lspace_4               (abs)        000000
__Lstack                 stack        000000
__Lstruct                struct       000000
__Ltemp                  temp         000000
__Ltext                  text         000000
__Ltext0                 text0        000000
__Ltext1                 text1        000000
__Ltext10                text10       000000
__Ltext11                text11       000000
__Ltext12                text12       000000
__Ltext13                text13       000000
__Ltext14                text14       000000
__Ltext15                text15       000000
__Ltext16                text16       000000
__Ltext17                text17       000000
__Ltext18                text18       000000
__Ltext19                text19       000000
__Ltext2                 text2        000000
__Ltext20                text20       000000
__Ltext21                text21       000000
__Ltext22                text22       000000
__Ltext23                text23       000000
__Ltext24                text24       000000
__Ltext25                text25       000000
__Ltext3                 text3        000000
__Ltext4                 text4        000000
__Ltext5                 text5        000000
__Ltext6                 text6        000000
__Ltext7                 text7        000000
__Ltext8                 text8        000000
__Ltext9                 text9        000000
__S0                     (abs)        0021B6
__S1                     (abs)        00009C
__S2                     (abs)        000000
__S4                     (abs)        000000
__S5                     (abs)        000000
___aodiv                 text12       00161E
___aodiv@counter         cstackCOMRAM 000011
___aodiv@dividend        cstackCOMRAM 000001
___aodiv@divisor         cstackCOMRAM 000009
___aodiv@quotient        cstackCOMRAM 000013
___aodiv@sign            cstackCOMRAM 000012
___aomod                 text11       00191C
___aomod@counter         cstackCOMRAM 000011
___aomod@dividend        cstackCOMRAM 000001
___aomod@divisor         cstackCOMRAM 000009
___aomod@sign            cstackCOMRAM 000012
___fldiv                 text17       000C3E
___fldiv@a               cstackCOMRAM 000005
___fldiv@aexp            cstackCOMRAM 000019
___fldiv@b               cstackCOMRAM 000001
___fldiv@bexp            cstackCOMRAM 000018
___fldiv@grs             cstackCOMRAM 000014
___fldiv@new_exp         cstackCOMRAM 000012
___fldiv@rem             cstackCOMRAM 00000D
___fldiv@sign            cstackCOMRAM 000011
___flmul                 text16       000814
___flmul@a               cstackCOMRAM 00001B
___flmul@aexp            cstackCOMRAM 000028
___flmul@b               cstackCOMRAM 000017
___flmul@bexp            cstackCOMRAM 000029
___flmul@grs             cstackCOMRAM 000024
___flmul@prod            cstackCOMRAM 00002A
___flmul@sign            cstackCOMRAM 000023
___flmul@temp            cstackCOMRAM 00002E
___fltol                 text15       001B9C
___fltol@exp1            cstackCOMRAM 00000A
___fltol@f1              cstackCOMRAM 000001
___fltol@sign1           cstackCOMRAM 000009
___inthi_sp              stack        000000
___intlo_sp              stack        000000
___param_bank            (abs)        000000
___rparam_used           (abs)        000001
___sp                    stack        000000
___xxtofl                text14       00146A
___xxtofl@arg            cstackCOMRAM 000013
___xxtofl@exp            cstackCOMRAM 000012
___xxtofl@sign           cstackCOMRAM 000011
___xxtofl@val            cstackCOMRAM 000009
__accesstop              (abs)        000060
__activetblptr           (abs)        000002
__end_of_ADC_Init        text25       0021B4
__end_of_ADC_Read        text24       001ECA
__end_of_LCD_Char        text20       00216A
__end_of_LCD_Command     text22       002186
__end_of_LCD_Init        text21       00214E
__end_of_LCD_String      text19       001F8A
__end_of_LCD_String_xy   text18       0020EA
__end_of_MSdelay         text23       002026
__end_of___aodiv         text12       0017A6
__end_of___aomod         text11       001A80
__end_of___fldiv         text17       000FD8
__end_of___flmul         text16       000C3E
__end_of___fltol         text15       001CA2
__end_of___xxtofl        text14       00161E
__end_of__initialization cinit        002196
__end_of_abs             text10       0020AA
__end_of_dtoa            text4        0012B6
__end_of_fputc           text8        001D6C
__end_of_fputs           text7        00206A
__end_of_main            text0        001B9C
__end_of_memset          text13       00191C
__end_of_pad             text5        001E2E
__end_of_putch           text9        0021B6
__end_of_sprintf         text1        001FDC
__end_of_strlen          text6        002120
__end_of_vfpfcnvrt       text3        00146A
__end_of_vfprintf        text2        001F2C
__initialization         cinit        002186
__mediumconst            mediumconst  000000
__pbssBANK0              bssBANK0     000060
__pbssCOMRAM             bssCOMRAM    00005E
__pcinit                 cinit        002186
__pcstackBANK0           cstackBANK0  000086
__pcstackCOMRAM          cstackCOMRAM 000001
__psmallconst            smallconst   000800
__ptext0                 text0        001A80
__ptext1                 text1        001F8A
__ptext10                text10       00206A
__ptext11                text11       00191C
__ptext12                text12       00161E
__ptext13                text13       0017A6
__ptext14                text14       00146A
__ptext15                text15       001B9C
__ptext16                text16       000814
__ptext17                text17       000C3E
__ptext18                text18       0020AA
__ptext19                text19       001F2C
__ptext2                 text2        001ECA
__ptext20                text20       00214E
__ptext21                text21       002120
__ptext22                text22       00216A
__ptext23                text23       001FDC
__ptext24                text24       001E2E
__ptext25                text25       0021A0
__ptext3                 text3        0012B6
__ptext4                 text4        000FD8
__ptext5                 text5        001D6C
__ptext6                 text6        0020EA
__ptext7                 text7        002026
__ptext8                 text8        001CA2
__ptext9                 text9        0021B4
__ramtop                 ramtop       000800
__size_of_ADC_Init       (abs)        000000
__size_of_ADC_Read       (abs)        000000
__size_of_LCD_Char       (abs)        000000
__size_of_LCD_Command    (abs)        000000
__size_of_LCD_Init       (abs)        000000
__size_of_LCD_String     (abs)        000000
__size_of_LCD_String_xy  (abs)        000000
__size_of_MSdelay        (abs)        000000
__size_of___aodiv        (abs)        000000
__size_of___aomod        (abs)        000000
__size_of___fldiv        (abs)        000000
__size_of___flmul        (abs)        000000
__size_of___fltol        (abs)        000000
__size_of___xxtofl       (abs)        000000
__size_of_abs            (abs)        000000
__size_of_dtoa           (abs)        000000
__size_of_fputc          (abs)        000000
__size_of_fputs          (abs)        000000
__size_of_main           (abs)        000000
__size_of_memset         (abs)        000000
__size_of_pad            (abs)        000000
__size_of_putch          (abs)        000000
__size_of_sprintf        (abs)        000000
__size_of_strlen         (abs)        000000
__size_of_vfpfcnvrt      (abs)        000000
__size_of_vfprintf       (abs)        000000
__smallconst             smallconst   000800
_abs                     text10       00206A
_dbuf                    bssBANK0     000066
_dtoa                    text4        000FD8
_dtoa$694                cstackCOMRAM 00002E
_flags                   bssCOMRAM    00005E
_fputc                   text8        001CA2
_fputs                   text7        002026
_main                    text0        001A80
_memset                  text13       0017A6
_nout                    bssBANK0     000060
_pad                     text5        001D6C
_prec                    bssBANK0     000064
_putch                   text9        0021B4
_sprintf                 text1        001F8A
_strlen                  text6        0020EA
_vfpfcnvrt               text3        0012B6
_vfprintf                text2        001ECA
_width                   bssBANK0     000062
abs@a                    cstackCOMRAM 000013
dtoa@d                   cstackCOMRAM 00001E
dtoa@fp                  cstackCOMRAM 00001C
dtoa@i                   cstackCOMRAM 00003E
dtoa@n                   cstackCOMRAM 000036
dtoa@p                   cstackCOMRAM 000030
dtoa@s                   cstackCOMRAM 000034
dtoa@w                   cstackCOMRAM 000032
end_of_initialization    cinit        002196
fputc@c                  cstackCOMRAM 000001
fputc@fp                 cstackCOMRAM 000003
fputs@c                  cstackCOMRAM 00000E
fputs@fp                 cstackCOMRAM 00000C
fputs@i                  cstackCOMRAM 00000F
fputs@s                  cstackCOMRAM 00000A
intlevel0                text         000000
intlevel1                text         000000
intlevel2                text         000000
intlevel3                text         000000
isa$std                  (abs)        000001
isa$xinst                (abs)        000000
main@Temperature         cstackBANK0  00008E
main@celsius             cstackBANK0  000098
memset@c                 cstackCOMRAM 000003
memset@dest              cstackCOMRAM 000001
memset@k                 cstackCOMRAM 000009
memset@n                 cstackCOMRAM 000005
memset@s                 cstackCOMRAM 00000B
pad@buf                  cstackCOMRAM 000013
pad@fp                   cstackCOMRAM 000011
pad@i                    cstackCOMRAM 000018
pad@p                    cstackCOMRAM 000015
pad@w                    cstackCOMRAM 00001A
sprintf@ap               cstackBANK0  000086
sprintf@f                cstackBANK0  000088
sprintf@fmt              cstackCOMRAM 00005A
sprintf@s                cstackCOMRAM 000058
stackhi                  (abs)        0007FF
stacklo                  (abs)        00009C
start                    init         000000
start_initialization     cinit        002186
strlen@a                 cstackCOMRAM 000003
strlen@s                 cstackCOMRAM 000001
vfpfcnvrt@ap             cstackCOMRAM 000044
vfpfcnvrt@fmt            cstackCOMRAM 000042
vfpfcnvrt@fp             cstackCOMRAM 000040
vfpfcnvrt@ll             cstackCOMRAM 000048
vfprintf@ap              cstackCOMRAM 000054
vfprintf@cfmt            cstackCOMRAM 000056
vfprintf@fmt             cstackCOMRAM 000052
vfprintf@fp              cstackCOMRAM 000050


MODULE INFORMATION

Module		Function		Class		Link	Load	Size
C:\Program Files\Microchip\xc8\v2.32\pic\sources\c99\common\memset.c
		_memset        		CODE           	17A6	0000	374

C:\Program Files\Microchip\xc8\v2.32\pic\sources\c99\common\memset.c estimated size: 374

C:\Program Files\Microchip\xc8\v2.32\pic\sources\c99\common\nf_sprintf.c
		_sprintf       		CODE           	1F8A	0000	82

C:\Program Files\Microchip\xc8\v2.32\pic\sources\c99\common\nf_sprintf.c estimated size: 82

C:\Program Files\Microchip\xc8\v2.32\pic\sources\c99\common\doprnt.c
		_vfpfcnvrt     		CODE           	12B6	0000	436
		_pad           		CODE           	1D6C	0000	194
		_dtoa          		CODE           	0FD8	0000	734
		_vfprintf      		CODE           	1ECA	0000	98

C:\Program Files\Microchip\xc8\v2.32\pic\sources\c99\common\doprnt.c estimated size: 1462

C:\Program Files\Microchip\xc8\v2.32\pic\sources\c99\common\nf_fputs.c
		_fputs         		CODE           	2026	0000	68

C:\Program Files\Microchip\xc8\v2.32\pic\sources\c99\common\nf_fputs.c estimated size: 68

C:\Program Files\Microchip\xc8\v2.32\pic\sources\c99\common\putch.c
		_putch         		CODE           	21B4	0000	2

C:\Program Files\Microchip\xc8\v2.32\pic\sources\c99\common\putch.c estimated size: 2

C:\Program Files\Microchip\xc8\v2.32\pic\sources\c99\common\abs.c
		_abs           		CODE           	206A	0000	64

C:\Program Files\Microchip\xc8\v2.32\pic\sources\c99\common\abs.c estimated size: 64

C:\Program Files\Microchip\xc8\v2.32\pic\sources\c99\common\aomod.c
		___aomod       		CODE           	191C	0000	356

C:\Program Files\Microchip\xc8\v2.32\pic\sources\c99\common\aomod.c estimated size: 356

LCD_16x2.c
		_LCD_String    		CODE           	1F2C	0000	94
		_LCD_Init      		CODE           	2120	0000	46
		_LCD_Command   		CODE           	216A	0000	28
		_LCD_String_xy 		CODE           	20AA	0000	64
		_LCD_Char      		CODE           	214E	0000	28
		_MSdelay       		CODE           	1FDC	0000	74

LCD_16x2.c estimated size: 334

Temperature_Display.c
		_main          		CODE           	1A80	0000	284

Temperature_Display.c estimated size: 284

shared
		__initialization		CODE           	2186	0000	16

shared estimated size: 16

C:\Program Files\Microchip\xc8\v2.32\pic\sources\c99\common\sprcmul.c
		___flmul       		CODE           	0814	0000	1066

C:\Program Files\Microchip\xc8\v2.32\pic\sources\c99\common\sprcmul.c estimated size: 1066

C:\Program Files\Microchip\xc8\v2.32\pic\sources\c99\common\sprcdiv.c
		___fldiv       		CODE           	0C3E	0000	922

C:\Program Files\Microchip\xc8\v2.32\pic\sources\c99\common\sprcdiv.c estimated size: 922

C:\Program Files\Microchip\xc8\v2.32\pic\sources\c99\common\fltol.c
		___fltol       		CODE           	1B9C	0000	262

C:\Program Files\Microchip\xc8\v2.32\pic\sources\c99\common\fltol.c estimated size: 262

C:\Program Files\Microchip\xc8\v2.32\pic\sources\c99\common\xxtofl.c
		___xxtofl      		CODE           	146A	0000	436

C:\Program Files\Microchip\xc8\v2.32\pic\sources\c99\common\xxtofl.c estimated size: 436

C:\Program Files\Microchip\xc8\v2.32\pic\sources\c99\common\nf_fputc.c
		_fputc         		CODE           	1CA2	0000	202

C:\Program Files\Microchip\xc8\v2.32\pic\sources\c99\common\nf_fputc.c estimated size: 202

C:\Program Files\Microchip\xc8\v2.32\pic\sources\c99\common\aodiv.c
		___aodiv       		CODE           	161E	0000	392

C:\Program Files\Microchip\xc8\v2.32\pic\sources\c99\common\aodiv.c estimated size: 392

PIC18F4550_ADC_Source_File.c
		_ADC_Read      		CODE           	1E2E	0000	156
		_ADC_Init      		CODE           	21A0	0000	20

PIC18F4550_ADC_Source_File.c estimated size: 176

C:\Program Files\Microchip\xc8\v2.32\pic\sources\c99\common\strlen.c
		_strlen        		CODE           	20EA	0000	54

C:\Program Files\Microchip\xc8\v2.32\pic\sources\c99\common\strlen.c estimated size: 54

